../Core/Src/main.c:75:1:__io_putchar	16	static
../Core/Src/main.c:88:6:I2C_Scan	16	static
../Core/Src/main.c:135:19:EEPROM_Write	40	static
../Core/Src/main.c:176:19:EEPROM_Read	32	static
../Core/Src/main.c:186:6:EEPROM_Test	192	static
../Core/Src/main.c:307:6:Test_0xB0_Device	80	static
../Core/Src/main.c:448:5:main	16	static
../Core/Src/main.c:518:6:SystemClock_Config	72	static
../Core/Src/main.c:554:13:MX_I2C1_Init	8	static
../Core/Src/main.c:586:13:MX_USART2_UART_Init	8	static
../Core/Src/main.c:617:13:MX_GPIO_Init	40	static
../Core/Src/main.c:662:6:Error_Handler	4	static,ignoring_inline_asm
